[2026-04-16T17:10:46Z] Starting developer for Phase 6
**19 passed, 1 skipped, 0 failures.** Phase 6 is complete.

---

## Phase 6 — Integration & Demo: COMPLETE

Here's what was built and verified:

### Files Created
| File | Purpose |
|---|---|
| `reasoning_stub/main.py` | FastAPI stub for SanadReasoningLayer — no API credentials needed |
| `reasoning_stub/Dockerfile` | Container image for the stub |
| `reasoning_stub/requirements.txt` | Minimal dependencies |
| `docker-compose.integration.yml` | All 4 services on `sanad_net` bridge network |
| `tests/test_integration.py` | 3-test suite proving the chain |

### Test Results
| Suite | Result |
|---|---|
| Orchestrator (`orchestrator/tests/`) | **7/7 pass** |
| sanad_agent integration (`tests/test_orchestrator_integration.py`) | **5/5 pass** |
| HR Agent (`hr_agent/tests/`) | **5/5 pass** |
| Integration suite (`tests/test_integration.py`) | **2/2 pass + 1 skip** |

### What the mocked integration test proves
The critical test (`test_integration_mocked_two_step_chain`) runs the real Orchestrator state machine against an in-memory SQLite DB:
1. Registers a mock `sanad_agent`
2. Submits a 2-step task
3. Agent picks up step 1 → reports COMPLETE with result
4. Asserts handoff is NOT broken (`next_step` returned, not null)
5. Agent picks up step 2 → context includes step 1 result
6. Agent reports COMPLETE referencing step 1 result
7. Final status = **DONE** — result written to `/workspace/strategy/progress/integration_test_result.json`

### Live Demo
Docker is not available in this sandboxed environment. The `docker-compose.integration.yml` is ready to run on the VPS:
```bash
cd /home/ubuntu/DevAgent/projects/sanad_agent
AGENTS_API_KEY=<your-key> docker-compose -f docker-compose.integration.yml up -d
```
[2026-04-16T17:19:28Z] Phase 6 developer EXITED (code: 0)
