2026-04-16 07:58:46,039 INFO CEO Scheduler started — checkpoint every 3h
2026-04-16 07:58:46,039 INFO PID: 7296
2026-04-16 07:58:46,039 INFO First checkpoint in 5 minutes...
2026-04-16 08:03:46,039 INFO Running CEO checkpoint...
2026-04-16 08:05:30,643 INFO Checkpoint done (exit 0)
2026-04-16 08:05:30,643 INFO Next checkpoint in 3 hours
2026-04-16 11:05:30,645 INFO Running CEO checkpoint...
2026-04-16 11:07:08,543 INFO Checkpoint done (exit 0)
2026-04-16 11:07:08,544 INFO Next checkpoint in 3 hours
2026-04-16 14:07:08,544 INFO Running CEO checkpoint...
2026-04-16 14:09:20,155 INFO Checkpoint done (exit 0)
2026-04-16 14:09:20,155 INFO Next checkpoint in 3 hours
2026-04-16 17:09:20,155 INFO Running CEO checkpoint...
2026-04-16 17:11:42,338 INFO Checkpoint done (exit 0)
2026-04-16 17:11:42,338 INFO Next checkpoint in 3 hours
2026-04-16 20:11:42,338 INFO Running CEO checkpoint...
2026-04-16 20:13:06,255 INFO Checkpoint done (exit 0)
2026-04-16 20:13:06,255 INFO Next checkpoint in 3 hours
2026-04-16 23:13:06,255 INFO Running CEO checkpoint...
2026-04-16 23:14:28,940 INFO Checkpoint done (exit 0)
2026-04-16 23:14:28,940 INFO Next checkpoint in 3 hours
2026-04-17 02:14:29,154 INFO Running CEO checkpoint...
2026-04-17 02:16:04,741 INFO Checkpoint done (exit 0)
2026-04-17 02:16:04,741 INFO Next checkpoint in 3 hours
2026-04-17 05:16:04,759 INFO Running CEO checkpoint...
2026-04-17 05:17:05,153 INFO Checkpoint done (exit 0)
2026-04-17 05:17:05,153 INFO Next checkpoint in 3 hours
2026-04-17 08:17:05,169 INFO Running CEO checkpoint...
2026-04-17 08:17:59,539 INFO Checkpoint done (exit 0)
2026-04-17 08:17:59,539 INFO Next checkpoint in 3 hours
2026-04-17 11:17:59,540 INFO Running CEO checkpoint...
2026-04-17 11:18:54,738 INFO Checkpoint done (exit 0)
2026-04-17 11:18:54,739 INFO Next checkpoint in 3 hours
2026-04-17 14:18:54,741 INFO Running CEO checkpoint...
2026-04-17 14:20:23,655 INFO Checkpoint done (exit 0)
2026-04-17 14:20:23,655 INFO Next checkpoint in 3 hours
2026-04-17 17:20:23,738 INFO Running CEO checkpoint...
2026-04-17 17:21:37,642 INFO Checkpoint done (exit 0)
2026-04-17 17:21:37,642 INFO Next checkpoint in 3 hours
